/* Utilisateur_r
 * Author: barrios_jam
 * Creation date: 04/06/2018
 */

REFINEMENT Utilisateur_r
REFINES Utilisateur

INCLUDES Distributeur,PorteMonnaie

OPERATIONS 

achatCoca = PRE nbCoca:NAT1 THEN BEGIN Payer(prixCoca) || DistributeurRecoitArgentPourCoca END END;
    
achatSchweppes = PRE nbSchweppes:NAT1 THEN BEGIN Payer(prixSchweppes) || DistributeurRecoitArgentPourSchweppes END
END
END